Tue Jun 23 11:14:12 UTC 2026 - 28392
Tue Jun 23 11:52:13 UTC 2026 - 1091
Fri Jun 26 10:35:39 UTC 2026 - 11432
Fri Jun 26 10:49:14 UTC 2026 - 18494
Fri Jun 26 11:38:29 UTC 2026 - 15620
Sat Jun 27 09:37:10 UTC 2026 - 17346
Sat Jun 27 10:05:55 UTC 2026 - 16568
Sun Jun 28 10:25:59 UTC 2026 - 30265
Sun Jun 28 10:58:40 UTC 2026 - 4579
Mon Jun 29 12:15:45 UTC 2026 - 30179
Mon Jun 29 12:29:49 UTC 2026 - 29005
Mon Jun 29 12:57:15 UTC 2026 - 19589
Thu Jul  2 10:36:12 UTC 2026 - 27015
Sun Jul  5 09:54:20 UTC 2026 - 22860
Mon Jul  6 12:36:08 UTC 2026 - 1392
Tue Jul  7 10:53:16 UTC 2026 - 30170
Wed Jul  8 10:53:46 UTC 2026 - 21130
Thu Jul  9 10:36:42 UTC 2026 - 30765
Sat Jul 11 10:08:56 UTC 2026 - 22735
Sun Jul 12 10:17:45 UTC 2026 - 16855
Mon Jul 13 10:58:08 UTC 2026 - 15513
Mon Jul 13 11:50:28 UTC 2026 - 7553
Tue Jul 14 09:55:48 UTC 2026 - 21070
Thu Jul 16 09:34:11 UTC 2026 - 14774
Fri Jul 17 09:26:18 UTC 2026 - 3667
Fri Jul 17 09:54:43 UTC 2026 - 28923
Sat Jul 18 10:08:32 UTC 2026 - 9572
Mon Jul 20 10:24:33 UTC 2026 - 9805
Mon Jul 20 10:49:29 UTC 2026 - 25133
Mon Jul 20 11:34:58 UTC 2026 - 24354
Tue Jul 21 10:55:44 UTC 2026 - 7529
Thu Jul 23 10:20:07 UTC 2026 - 12937
Fri Jul 24 10:53:02 UTC 2026 - 26468
Sat Jul 25 09:16:36 UTC 2026 - 27769
Sat Jul 25 09:43:55 UTC 2026 - 23392
Sun Jul 26 09:56:17 UTC 2026 - 17901
Tue Jul 28 11:08:37 UTC 2026 - 26946
Wed Jul 29 10:06:57 UTC 2026 - 23888
Wed Jul 29 10:35:59 UTC 2026 - 18193
Thu Jul 30 09:58:18 UTC 2026 - 23138
Sat Aug  1 09:56:02 UTC 2026 - 4867
Sat Aug  1 10:27:01 UTC 2026 - 6736
Sun Aug  2 09:31:50 UTC 2026 - 6103
Sun Aug  2 09:53:45 UTC 2026 - 3533
Mon Aug  3 12:11:36 UTC 2026 - 24447
Tue Aug  4 11:14:32 UTC 2026 - 20601
